// Jest Snapshot v1, https://goo.gl/fbAQLP

exports[`RelatedProducts renders correctly 1`] = `
<View
  style={
    {
      "marginTop": 10,
      "paddingLeft": 16,
    }
  }
>
  <Text
    style={
      {
        "color": "#8B5E3C",
        "fontSize": 20,
        "fontWeight": "bold",
        "marginBottom": 12,
      }
    }
  >
    Related Products
  </Text>
  <RCTScrollView
    data={
      [
        {
          "id": 1,
          "images": [
            "image1.jpg",
          ],
          "price": 100,
          "title": "Product 1",
        },
        {
          "id": 2,
          "images": [
            "image2.jpg",
          ],
          "price": 200,
          "title": "Product 2",
        },
      ]
    }
    getItem={[Function]}
    getItemCount={[Function]}
    horizontal={true}
    initialNumToRender={4}
    keyExtractor={[Function]}
    maxToRenderPerBatch={6}
    onContentSizeChange={[Function]}
    onLayout={[Function]}
    onMomentumScrollBegin={[Function]}
    onMomentumScrollEnd={[Function]}
    onScroll={[Function]}
    onScrollBeginDrag={[Function]}
    onScrollEndDrag={[Function]}
    removeClippedSubviews={true}
    renderItem={[Function]}
    scrollEventThrottle={0.0001}
    showsHorizontalScrollIndicator={false}
    stickyHeaderIndices={[]}
    viewabilityConfigCallbackPairs={[]}
    windowSize={5}
  >
    <View>
      <View
        onFocusCapture={[Function]}
        onLayout={[Function]}
        style={
          [
            {
              "flexDirection": "row",
            },
            null,
          ]
        }
      >
        <View
          accessibilityState={
            {
              "busy": undefined,
              "checked": undefined,
              "disabled": undefined,
              "expanded": undefined,
              "selected": undefined,
            }
          }
          accessibilityValue={
            {
              "max": undefined,
              "min": undefined,
              "now": undefined,
              "text": undefined,
            }
          }
          accessible={true}
          collapsable={false}
          focusable={true}
          onClick={[Function]}
          onResponderGrant={[Function]}
          onResponderMove={[Function]}
          onResponderRelease={[Function]}
          onResponderTerminate={[Function]}
          onResponderTerminationRequest={[Function]}
          onStartShouldSetResponder={[Function]}
          style={
            {
              "backgroundColor": "#FFFFFF",
              "borderColor": "#D2B48C",
              "borderRadius": 8,
              "borderWidth": 1,
              "elevation": 3,
              "marginRight": 10,
              "opacity": 1,
              "padding": 8,
              "shadowColor": "#000",
              "shadowOffset": {
                "height": 2,
                "width": 0,
              },
              "shadowOpacity": 0.1,
              "shadowRadius": 4,
              "width": 150,
            }
          }
        >
          <Image
            onError={[Function]}
            resizeMode="cover"
            source={
              {
                "uri": "image1.jpg",
              }
            }
            style={
              {
                "borderRadius": 8,
                "height": 100,
                "marginBottom": 8,
                "width": "100%",
              }
            }
          />
          <Text
            numberOfLines={1}
            style={
              {
                "color": "#8B5E3C",
                "fontSize": 14,
                "fontWeight": "500",
                "height": 40,
              }
            }
          >
            Product 1
          </Text>
          <Text
            style={
              {
                "color": "#800000",
                "fontSize": 14,
                "fontWeight": "bold",
              }
            }
          >
            $100
          </Text>
        </View>
      </View>
      <View
        onFocusCapture={[Function]}
        onLayout={[Function]}
        style={
          [
            {
              "flexDirection": "row",
            },
            null,
          ]
        }
      >
        <View
          accessibilityState={
            {
              "busy": undefined,
              "checked": undefined,
              "disabled": undefined,
              "expanded": undefined,
              "selected": undefined,
            }
          }
          accessibilityValue={
            {
              "max": undefined,
              "min": undefined,
              "now": undefined,
              "text": undefined,
            }
          }
          accessible={true}
          collapsable={false}
          focusable={true}
          onClick={[Function]}
          onResponderGrant={[Function]}
          onResponderMove={[Function]}
          onResponderRelease={[Function]}
          onResponderTerminate={[Function]}
          onResponderTerminationRequest={[Function]}
          onStartShouldSetResponder={[Function]}
          style={
            {
              "backgroundColor": "#FFFFFF",
              "borderColor": "#D2B48C",
              "borderRadius": 8,
              "borderWidth": 1,
              "elevation": 3,
              "marginRight": 10,
              "opacity": 1,
              "padding": 8,
              "shadowColor": "#000",
              "shadowOffset": {
                "height": 2,
                "width": 0,
              },
              "shadowOpacity": 0.1,
              "shadowRadius": 4,
              "width": 150,
            }
          }
        >
          <Image
            onError={[Function]}
            resizeMode="cover"
            source={
              {
                "uri": "image2.jpg",
              }
            }
            style={
              {
                "borderRadius": 8,
                "height": 100,
                "marginBottom": 8,
                "width": "100%",
              }
            }
          />
          <Text
            numberOfLines={1}
            style={
              {
                "color": "#8B5E3C",
                "fontSize": 14,
                "fontWeight": "500",
                "height": 40,
              }
            }
          >
            Product 2
          </Text>
          <Text
            style={
              {
                "color": "#800000",
                "fontSize": 14,
                "fontWeight": "bold",
              }
            }
          >
            $200
          </Text>
        </View>
      </View>
    </View>
  </RCTScrollView>
</View>
`;
