// Jest Snapshot v1, https://goo.gl/fbAQLP

exports[`CategoryList renders correctly 1`] = `
<View
  style={
    {
      "marginBottom": 8,
      "paddingVertical": 4,
    }
  }
>
  <RCTScrollView
    data={
      [
        "Clothing",
        "Shoes",
        "Accessories",
      ]
    }
    getItem={[Function]}
    getItemCount={[Function]}
    horizontal={true}
    initialNumToRender={10}
    keyExtractor={[Function]}
    maxToRenderPerBatch={10}
    onContentSizeChange={[Function]}
    onLayout={[Function]}
    onMomentumScrollBegin={[Function]}
    onMomentumScrollEnd={[Function]}
    onScroll={[Function]}
    onScrollBeginDrag={[Function]}
    onScrollEndDrag={[Function]}
    removeClippedSubviews={true}
    renderItem={[Function]}
    scrollEventThrottle={0.0001}
    showsHorizontalScrollIndicator={false}
    stickyHeaderIndices={[]}
    viewabilityConfigCallbackPairs={[]}
    windowSize={5}
  >
    <View>
      <View
        onFocusCapture={[Function]}
        onLayout={[Function]}
        style={
          [
            {
              "flexDirection": "row",
            },
            null,
          ]
        }
      >
        <View
          accessibilityState={
            {
              "busy": undefined,
              "checked": undefined,
              "disabled": undefined,
              "expanded": undefined,
              "selected": undefined,
            }
          }
          accessibilityValue={
            {
              "max": undefined,
              "min": undefined,
              "now": undefined,
              "text": undefined,
            }
          }
          accessible={true}
          collapsable={false}
          focusable={true}
          onClick={[Function]}
          onResponderGrant={[Function]}
          onResponderMove={[Function]}
          onResponderRelease={[Function]}
          onResponderTerminate={[Function]}
          onResponderTerminationRequest={[Function]}
          onStartShouldSetResponder={[Function]}
          style={
            {
              "alignItems": "center",
              "backgroundColor": "#D2B48C",
              "borderColor": "#D2B48C",
              "borderRadius": 20,
              "borderWidth": 1,
              "height": 40,
              "justifyContent": "center",
              "marginRight": 8,
              "opacity": 1,
            }
          }
        >
          <Text
            style={
              {
                "color": "#8B5E3C",
                "fontSize": 14,
                "fontWeight": "bold",
                "padding": 12,
              }
            }
          >
            Clothing
          </Text>
        </View>
      </View>
      <View
        onFocusCapture={[Function]}
        onLayout={[Function]}
        style={
          [
            {
              "flexDirection": "row",
            },
            null,
          ]
        }
      >
        <View
          accessibilityState={
            {
              "busy": undefined,
              "checked": undefined,
              "disabled": undefined,
              "expanded": undefined,
              "selected": undefined,
            }
          }
          accessibilityValue={
            {
              "max": undefined,
              "min": undefined,
              "now": undefined,
              "text": undefined,
            }
          }
          accessible={true}
          collapsable={false}
          focusable={true}
          onClick={[Function]}
          onResponderGrant={[Function]}
          onResponderMove={[Function]}
          onResponderRelease={[Function]}
          onResponderTerminate={[Function]}
          onResponderTerminationRequest={[Function]}
          onStartShouldSetResponder={[Function]}
          style={
            {
              "alignItems": "center",
              "backgroundColor": "#FAF3E0",
              "borderColor": "#D2B48C",
              "borderRadius": 20,
              "borderWidth": 1,
              "height": 40,
              "justifyContent": "center",
              "marginRight": 8,
              "opacity": 1,
            }
          }
        >
          <Text
            style={
              {
                "color": "#8B5E3C",
                "fontSize": 14,
                "fontWeight": "bold",
                "padding": 12,
              }
            }
          >
            Shoes
          </Text>
        </View>
      </View>
      <View
        onFocusCapture={[Function]}
        onLayout={[Function]}
        style={
          [
            {
              "flexDirection": "row",
            },
            null,
          ]
        }
      >
        <View
          accessibilityState={
            {
              "busy": undefined,
              "checked": undefined,
              "disabled": undefined,
              "expanded": undefined,
              "selected": undefined,
            }
          }
          accessibilityValue={
            {
              "max": undefined,
              "min": undefined,
              "now": undefined,
              "text": undefined,
            }
          }
          accessible={true}
          collapsable={false}
          focusable={true}
          onClick={[Function]}
          onResponderGrant={[Function]}
          onResponderMove={[Function]}
          onResponderRelease={[Function]}
          onResponderTerminate={[Function]}
          onResponderTerminationRequest={[Function]}
          onStartShouldSetResponder={[Function]}
          style={
            {
              "alignItems": "center",
              "backgroundColor": "#FAF3E0",
              "borderColor": "#D2B48C",
              "borderRadius": 20,
              "borderWidth": 1,
              "height": 40,
              "justifyContent": "center",
              "marginRight": 8,
              "opacity": 1,
            }
          }
        >
          <Text
            style={
              {
                "color": "#8B5E3C",
                "fontSize": 14,
                "fontWeight": "bold",
                "padding": 12,
              }
            }
          >
            Accessories
          </Text>
        </View>
      </View>
    </View>
  </RCTScrollView>
</View>
`;
